0 verbose cli /usr/local/bin/node /Users/alex/.npm-global/bin/npm
1 info using npm@11.5.2
2 info using node@v22.17.1
3 silly config load:file:/Users/alex/.npm-global/lib/node_modules/npm/npmrc
4 silly config load:file:/Users/alex/Develop/daoime/flash_speech/flash_speech_app/.npmrc
5 silly config load:file:/Users/alex/.npmrc
6 silly config load:file:/Users/alex/.npm-global/etc/npmrc
7 verbose title npm install
8 verbose argv "install" "--legacy-peer-deps"
9 verbose logfile logs-max:10 dir:/Users/alex/Develop/daoime/flash_speech/flash_speech_app/.npm-cache/_logs/2026-02-11T17_36_46_379Z-
10 verbose logfile /Users/alex/Develop/daoime/flash_speech/flash_speech_app/.npm-cache/_logs/2026-02-11T17_36_46_379Z-debug-0.log
11 silly logfile start cleaning logs, removing 1 files
12 silly packumentCache heap:4345298944 maxSize:1086324736 maxEntrySize:543162368
13 silly logfile done cleaning log files
14 silly idealTree buildDeps
15 silly fetch manifest framer-motion@^10.18.0
16 silly packumentCache full:https://registry.npmmirror.com/framer-motion cache-miss
17 http fetch GET 200 https://registry.npmmirror.com/framer-motion 190ms (cache revalidated)
18 silly packumentCache full:https://registry.npmmirror.com/framer-motion set size:10068688 disposed:false
19 silly fetch manifest lucide-react@^0.292.0
20 silly packumentCache full:https://registry.npmmirror.com/lucide-react cache-miss
21 http fetch GET 200 https://registry.npmmirror.com/lucide-react 37ms (cache revalidated)
22 silly packumentCache full:https://registry.npmmirror.com/lucide-react set size:2206113 disposed:false
23 silly fetch manifest clsx@^2.1.0
24 silly packumentCache full:https://registry.npmmirror.com/clsx cache-miss
25 http fetch GET 200 https://registry.npmmirror.com/clsx 36ms (cache revalidated)
26 silly packumentCache full:https://registry.npmmirror.com/clsx set size:32436 disposed:false
27 silly fetch manifest tailwind-merge@^2.2.1
28 silly packumentCache full:https://registry.npmmirror.com/tailwind-merge cache-miss
29 http fetch GET 200 https://registry.npmmirror.com/tailwind-merge 28ms (cache revalidated)
30 silly packumentCache full:https://registry.npmmirror.com/tailwind-merge set size:1507132 disposed:false
31 silly fetch manifest tailwindcss@^3.4.1
32 silly packumentCache full:https://registry.npmmirror.com/tailwindcss cache-miss
33 http fetch GET 200 https://registry.npmmirror.com/tailwindcss 41ms (cache revalidated)
34 silly packumentCache full:https://registry.npmmirror.com/tailwindcss set size:10143788 disposed:false
35 silly fetch manifest autoprefixer@^10.4.17
36 silly packumentCache full:https://registry.npmmirror.com/autoprefixer cache-miss
37 http fetch GET 200 https://registry.npmmirror.com/autoprefixer 29ms (cache revalidated)
38 silly packumentCache full:https://registry.npmmirror.com/autoprefixer set size:1196941 disposed:false
39 silly placeDep ROOT autoprefixer@10.4.24 OK for: flash-speech@0.1.0 want: ^10.4.17
40 silly placeDep ROOT clsx@2.1.1 OK for: flash-speech@0.1.0 want: ^2.1.0
41 silly placeDep ROOT framer-motion@10.18.0 OK for: flash-speech@0.1.0 want: ^10.18.0
42 silly placeDep ROOT lucide-react@0.292.0 OK for: flash-speech@0.1.0 want: ^0.292.0
43 silly placeDep ROOT tailwind-merge@2.6.1 OK for: flash-speech@0.1.0 want: ^2.2.1
44 silly placeDep ROOT tailwindcss@3.4.19 OK for: flash-speech@0.1.0 want: ^3.4.1
45 silly fetch manifest fraction.js@^5.3.4
46 silly packumentCache full:https://registry.npmmirror.com/fraction.js cache-miss
47 silly fetch manifest postcss-value-parser@^4.2.0
48 silly packumentCache full:https://registry.npmmirror.com/postcss-value-parser cache-miss
49 silly fetch manifest tslib@^2.4.0
50 silly packumentCache full:https://registry.npmmirror.com/tslib cache-miss
51 silly fetch manifest @emotion/is-prop-valid@^0.8.2
52 silly packumentCache full:https://registry.npmmirror.com/@emotion%2fis-prop-valid cache-miss
53 silly fetch manifest @alloc/quick-lru@^5.2.0
54 silly packumentCache full:https://registry.npmmirror.com/@alloc%2fquick-lru cache-miss
55 silly fetch manifest arg@^5.0.2
56 silly packumentCache full:https://registry.npmmirror.com/arg cache-miss
57 silly fetch manifest chokidar@^3.6.0
58 silly packumentCache full:https://registry.npmmirror.com/chokidar cache-miss
59 silly fetch manifest didyoumean@^1.2.2
60 silly packumentCache full:https://registry.npmmirror.com/didyoumean cache-miss
61 silly fetch manifest dlv@^1.1.3
62 silly packumentCache full:https://registry.npmmirror.com/dlv cache-miss
63 http fetch GET 200 https://registry.npmmirror.com/@alloc%2fquick-lru 28ms (cache revalidated)
64 silly packumentCache full:https://registry.npmmirror.com/@alloc%2fquick-lru set size:6316 disposed:false
65 silly fetch manifest fast-glob@^3.3.2
66 silly packumentCache full:https://registry.npmmirror.com/fast-glob cache-miss
67 http fetch GET 200 https://registry.npmmirror.com/fast-glob 22ms (cache revalidated)
68 silly packumentCache full:https://registry.npmmirror.com/fast-glob set size:194914 disposed:false
69 silly fetch manifest glob-parent@^6.0.2
70 silly packumentCache full:https://registry.npmmirror.com/glob-parent cache-miss
71 http fetch GET 200 https://registry.npmmirror.com/tslib 70ms (cache revalidated)
72 silly packumentCache full:https://registry.npmmirror.com/tslib set size:113340 disposed:false
73 silly fetch manifest is-glob@^4.0.3
74 silly packumentCache full:https://registry.npmmirror.com/is-glob cache-miss
75 http fetch GET 200 https://registry.npmmirror.com/chokidar 86ms (cache revalidated)
76 silly packumentCache full:https://registry.npmmirror.com/chokidar set size:228647 disposed:false
77 silly fetch manifest jiti@^1.21.7
78 silly packumentCache full:https://registry.npmmirror.com/jiti cache-miss
79 http fetch GET 200 https://registry.npmmirror.com/didyoumean 89ms (cache revalidated)
80 silly packumentCache full:https://registry.npmmirror.com/didyoumean set size:10415 disposed:false
81 silly fetch manifest lilconfig@^3.1.3
82 silly packumentCache full:https://registry.npmmirror.com/lilconfig cache-miss
83 http fetch GET 200 https://registry.npmmirror.com/fraction.js 91ms (cache revalidated)
84 silly packumentCache full:https://registry.npmmirror.com/fraction.js set size:142438 disposed:false
85 silly fetch manifest micromatch@^4.0.8
86 silly packumentCache full:https://registry.npmmirror.com/micromatch cache-miss
87 http fetch GET 200 https://registry.npmmirror.com/glob-parent 42ms (cache revalidated)
88 silly packumentCache full:https://registry.npmmirror.com/glob-parent set size:34765 disposed:false
89 silly fetch manifest normalize-path@^3.0.0
90 silly packumentCache full:https://registry.npmmirror.com/normalize-path cache-miss
91 http fetch GET 200 https://registry.npmmirror.com/dlv 96ms (cache revalidated)
92 silly packumentCache full:https://registry.npmmirror.com/dlv set size:14677 disposed:false
93 silly fetch manifest object-hash@^3.0.0
94 silly packumentCache full:https://registry.npmmirror.com/object-hash cache-miss
95 http fetch GET 200 https://registry.npmmirror.com/is-glob 28ms (cache revalidated)
96 silly packumentCache full:https://registry.npmmirror.com/is-glob set size:39478 disposed:false
97 silly fetch manifest postcss-import@^15.1.0
98 silly packumentCache full:https://registry.npmmirror.com/postcss-import cache-miss
99 http cache https://registry.npmmirror.com/jiti 11ms (cache hit)
100 silly packumentCache full:https://registry.npmmirror.com/jiti set size:343421 disposed:false
101 silly fetch manifest postcss-js@^4.0.1
102 silly packumentCache full:https://registry.npmmirror.com/postcss-js cache-miss
103 http fetch GET 200 https://registry.npmmirror.com/@emotion%2fis-prop-valid 107ms (cache revalidated)
104 silly packumentCache full:https://registry.npmmirror.com/@emotion%2fis-prop-valid set size:72096 disposed:false
105 silly fetch manifest postcss-load-config@^4.0.2 || ^5.0 || ^6.0
106 silly packumentCache full:https://registry.npmmirror.com/postcss-load-config cache-miss
107 http fetch GET 200 https://registry.npmmirror.com/postcss-value-parser 118ms (cache revalidated)
108 silly packumentCache full:https://registry.npmmirror.com/postcss-value-parser set size:67405 disposed:false
109 silly fetch manifest postcss-nested@^6.2.0
110 silly packumentCache full:https://registry.npmmirror.com/postcss-nested cache-miss
111 http fetch GET 200 https://registry.npmmirror.com/micromatch 35ms (cache revalidated)
112 silly packumentCache full:https://registry.npmmirror.com/micromatch set size:240427 disposed:false
113 silly fetch manifest postcss-selector-parser@^6.1.2
114 silly packumentCache full:https://registry.npmmirror.com/postcss-selector-parser cache-miss
115 http fetch GET 200 https://registry.npmmirror.com/arg 128ms (cache revalidated)
116 silly packumentCache full:https://registry.npmmirror.com/arg set size:72151 disposed:false
117 silly fetch manifest resolve@^1.22.8
118 silly packumentCache full:https://registry.npmmirror.com/resolve cache-miss
119 http fetch GET 200 https://registry.npmmirror.com/normalize-path 36ms (cache revalidated)
120 silly packumentCache full:https://registry.npmmirror.com/normalize-path set size:28480 disposed:false
121 silly fetch manifest sucrase@^3.35.0
122 silly packumentCache full:https://registry.npmmirror.com/sucrase cache-miss
123 http fetch GET 200 https://registry.npmmirror.com/object-hash 36ms (cache revalidated)
124 silly packumentCache full:https://registry.npmmirror.com/object-hash set size:92882 disposed:false
125 http fetch GET 200 https://registry.npmmirror.com/postcss-load-config 27ms (cache revalidated)
126 silly packumentCache full:https://registry.npmmirror.com/postcss-load-config set size:80198 disposed:false
127 http fetch GET 200 https://registry.npmmirror.com/postcss-import 37ms (cache revalidated)
128 silly packumentCache full:https://registry.npmmirror.com/postcss-import set size:114244 disposed:false
129 http fetch GET 200 https://registry.npmmirror.com/postcss-js 35ms (cache revalidated)
130 silly packumentCache full:https://registry.npmmirror.com/postcss-js set size:42166 disposed:false
131 http fetch GET 200 https://registry.npmmirror.com/lilconfig 51ms (cache revalidated)
132 silly packumentCache full:https://registry.npmmirror.com/lilconfig set size:37564 disposed:false
133 http fetch GET 200 https://registry.npmmirror.com/postcss-nested 30ms (cache revalidated)
134 silly packumentCache full:https://registry.npmmirror.com/postcss-nested set size:64899 disposed:false
135 http fetch GET 200 https://registry.npmmirror.com/sucrase 39ms (cache revalidated)
136 silly packumentCache full:https://registry.npmmirror.com/sucrase set size:412170 disposed:false
137 http fetch GET 200 https://registry.npmmirror.com/postcss-selector-parser 76ms (cache revalidated)
138 silly packumentCache full:https://registry.npmmirror.com/postcss-selector-parser set size:162368 disposed:false
139 http fetch GET 200 https://registry.npmmirror.com/resolve 80ms (cache revalidated)
140 silly packumentCache full:https://registry.npmmirror.com/resolve set size:219321 disposed:false
141 silly placeDep ROOT fraction.js@5.3.4 OK for: autoprefixer@10.4.24 want: ^5.3.4
142 silly placeDep ROOT postcss-value-parser@4.2.0 OK for: autoprefixer@10.4.24 want: ^4.2.0
143 silly placeDep ROOT @emotion/is-prop-valid@0.8.8 OK for: framer-motion@10.18.0 want: ^0.8.2
144 silly placeDep ROOT tslib@2.8.1 OK for: framer-motion@10.18.0 want: ^2.4.0
145 silly fetch manifest @emotion/memoize@0.7.4
146 silly packumentCache full:https://registry.npmmirror.com/@emotion%2fmemoize cache-miss
147 http fetch GET 200 https://registry.npmmirror.com/@emotion%2fmemoize 279ms (cache revalidated)
148 silly packumentCache full:https://registry.npmmirror.com/@emotion%2fmemoize set size:31189 disposed:false
149 silly placeDep ROOT @emotion/memoize@0.7.4 OK for: @emotion/is-prop-valid@0.8.8 want: 0.7.4
150 silly placeDep ROOT @alloc/quick-lru@5.2.0 OK for: tailwindcss@3.4.19 want: ^5.2.0
151 silly placeDep ROOT arg@5.0.2 OK for: tailwindcss@3.4.19 want: ^5.0.2
152 silly placeDep ROOT chokidar@3.6.0 OK for: tailwindcss@3.4.19 want: ^3.6.0
153 silly placeDep ROOT didyoumean@1.2.2 OK for: tailwindcss@3.4.19 want: ^1.2.2
154 silly placeDep ROOT dlv@1.1.3 OK for: tailwindcss@3.4.19 want: ^1.1.3
155 silly placeDep ROOT fast-glob@3.3.3 OK for: tailwindcss@3.4.19 want: ^3.3.2
156 silly placeDep ROOT glob-parent@6.0.2 OK for: tailwindcss@3.4.19 want: ^6.0.2
157 silly placeDep ROOT is-glob@4.0.3 OK for: tailwindcss@3.4.19 want: ^4.0.3
158 silly placeDep ROOT jiti@1.21.7 OK for: tailwindcss@3.4.19 want: ^1.21.7
159 silly placeDep ROOT lilconfig@3.1.3 OK for: tailwindcss@3.4.19 want: ^3.1.3
160 silly placeDep ROOT micromatch@4.0.8 OK for: tailwindcss@3.4.19 want: ^4.0.8
161 silly placeDep ROOT normalize-path@3.0.0 OK for: tailwindcss@3.4.19 want: ^3.0.0
162 silly placeDep ROOT object-hash@3.0.0 OK for: tailwindcss@3.4.19 want: ^3.0.0
163 silly placeDep ROOT postcss-import@15.1.0 OK for: tailwindcss@3.4.19 want: ^15.1.0
164 silly placeDep ROOT postcss-js@4.1.0 OK for: tailwindcss@3.4.19 want: ^4.0.1
165 silly placeDep ROOT postcss-load-config@6.0.1 OK for: tailwindcss@3.4.19 want: ^4.0.2 || ^5.0 || ^6.0
166 silly placeDep ROOT postcss-nested@6.2.0 OK for: tailwindcss@3.4.19 want: ^6.2.0
167 silly placeDep ROOT postcss-selector-parser@6.1.2 OK for: tailwindcss@3.4.19 want: ^6.1.2
168 silly placeDep ROOT resolve@1.22.11 OK for: tailwindcss@3.4.19 want: ^1.22.8
169 silly placeDep ROOT sucrase@3.35.1 OK for: tailwindcss@3.4.19 want: ^3.35.0
170 silly fetch manifest anymatch@~3.1.2
171 silly packumentCache full:https://registry.npmmirror.com/anymatch cache-miss
172 silly fetch manifest braces@~3.0.2
173 silly packumentCache full:https://registry.npmmirror.com/braces cache-miss
174 silly fetch manifest glob-parent@~5.1.2
175 silly packumentCache full:https://registry.npmmirror.com/glob-parent cache-hit
176 silly fetch manifest is-binary-path@~2.1.0
177 silly packumentCache full:https://registry.npmmirror.com/is-binary-path cache-miss
178 silly fetch manifest is-glob@~4.0.1
179 silly packumentCache full:https://registry.npmmirror.com/is-glob cache-hit
180 silly fetch manifest normalize-path@~3.0.0
181 silly packumentCache full:https://registry.npmmirror.com/normalize-path cache-hit
182 silly fetch manifest readdirp@~3.6.0
183 silly packumentCache full:https://registry.npmmirror.com/readdirp cache-miss
184 silly fetch manifest @nodelib/fs.stat@^2.0.2
185 silly packumentCache full:https://registry.npmmirror.com/@nodelib%2ffs.stat cache-miss
186 silly fetch manifest @nodelib/fs.walk@^1.2.3
187 silly packumentCache full:https://registry.npmmirror.com/@nodelib%2ffs.walk cache-miss
188 silly fetch manifest glob-parent@^5.1.2
189 silly packumentCache full:https://registry.npmmirror.com/glob-parent cache-hit
190 silly fetch manifest merge2@^1.3.0
191 silly packumentCache full:https://registry.npmmirror.com/merge2 cache-miss
192 silly fetch manifest is-extglob@^2.1.1
193 silly packumentCache full:https://registry.npmmirror.com/is-extglob cache-miss
194 silly fetch manifest braces@^3.0.3
195 silly packumentCache full:https://registry.npmmirror.com/braces cache-miss
196 http fetch GET 200 https://registry.npmmirror.com/braces 28ms (cache revalidated)
197 silly packumentCache full:https://registry.npmmirror.com/braces set size:112898 disposed:false
198 silly fetch manifest picomatch@^2.3.1
199 silly packumentCache full:https://registry.npmmirror.com/picomatch cache-miss
200 http fetch GET 200 https://registry.npmmirror.com/is-binary-path 31ms (cache revalidated)
201 silly packumentCache full:https://registry.npmmirror.com/is-binary-path set size:11426 disposed:false
202 silly fetch manifest read-cache@^1.0.0
203 silly packumentCache full:https://registry.npmmirror.com/read-cache cache-miss
204 http fetch GET 200 https://registry.npmmirror.com/braces 32ms (cache revalidated)
205 silly packumentCache full:https://registry.npmmirror.com/braces set size:112898 disposed:false
206 silly packumentCache full:https://registry.npmmirror.com/braces dispose
207 silly fetch manifest resolve@^1.1.7
208 silly packumentCache full:https://registry.npmmirror.com/resolve cache-hit
209 silly fetch manifest camelcase-css@^2.0.1
210 silly packumentCache full:https://registry.npmmirror.com/camelcase-css cache-miss
211 http fetch GET 200 https://registry.npmmirror.com/@nodelib%2ffs.stat 34ms (cache revalidated)
212 silly packumentCache full:https://registry.npmmirror.com/@nodelib%2ffs.stat set size:28111 disposed:false
213 silly fetch manifest postcss-selector-parser@^6.1.1
214 silly packumentCache full:https://registry.npmmirror.com/postcss-selector-parser cache-hit
215 silly fetch manifest cssesc@^3.0.0
216 silly packumentCache full:https://registry.npmmirror.com/cssesc cache-miss
217 http fetch GET 200 https://registry.npmmirror.com/merge2 35ms (cache revalidated)
218 silly packumentCache full:https://registry.npmmirror.com/merge2 set size:40023 disposed:false
219 silly fetch manifest util-deprecate@^1.0.2
220 silly packumentCache full:https://registry.npmmirror.com/util-deprecate cache-miss
221 http fetch GET 200 https://registry.npmmirror.com/@nodelib%2ffs.walk 38ms (cache revalidated)
222 silly packumentCache full:https://registry.npmmirror.com/@nodelib%2ffs.walk set size:35867 disposed:false
223 silly fetch manifest is-core-module@^2.16.1
224 silly packumentCache full:https://registry.npmmirror.com/is-core-module cache-miss
225 http cache https://registry.npmmirror.com/picomatch 11ms (cache hit)
226 silly packumentCache full:https://registry.npmmirror.com/picomatch set size:99804 disposed:false
227 silly fetch manifest path-parse@^1.0.7
228 silly packumentCache full:https://registry.npmmirror.com/path-parse cache-miss
229 http fetch GET 200 https://registry.npmmirror.com/anymatch 42ms (cache revalidated)
230 silly packumentCache full:https://registry.npmmirror.com/anymatch set size:37760 disposed:false
231 silly fetch manifest supports-preserve-symlinks-flag@^1.0.0
232 silly packumentCache full:https://registry.npmmirror.com/supports-preserve-symlinks-flag cache-miss
233 http fetch GET 200 https://registry.npmmirror.com/is-extglob 41ms (cache revalidated)
234 silly packumentCache full:https://registry.npmmirror.com/is-extglob set size:11880 disposed:false
235 silly fetch manifest commander@^4.0.0
236 silly packumentCache full:https://registry.npmmirror.com/commander cache-miss
237 http fetch GET 200 https://registry.npmmirror.com/readdirp 43ms (cache revalidated)
238 silly packumentCache full:https://registry.npmmirror.com/readdirp set size:95428 disposed:false
239 silly fetch manifest lines-and-columns@^1.1.6
240 silly packumentCache full:https://registry.npmmirror.com/lines-and-columns cache-miss
241 http fetch GET 200 https://registry.npmmirror.com/read-cache 33ms (cache revalidated)
242 silly packumentCache full:https://registry.npmmirror.com/read-cache set size:3033 disposed:false
243 silly fetch manifest mz@^2.7.0
244 silly packumentCache full:https://registry.npmmirror.com/mz cache-miss
245 http fetch GET 200 https://registry.npmmirror.com/util-deprecate 29ms (cache revalidated)
246 silly packumentCache full:https://registry.npmmirror.com/util-deprecate set size:6659 disposed:false
247 silly fetch manifest pirates@^4.0.1
248 silly packumentCache full:https://registry.npmmirror.com/pirates cache-miss
249 http fetch GET 200 https://registry.npmmirror.com/camelcase-css 33ms (cache revalidated)
250 silly packumentCache full:https://registry.npmmirror.com/camelcase-css set size:8356 disposed:false
251 silly fetch manifest ts-interface-checker@^0.1.9
252 silly packumentCache full:https://registry.npmmirror.com/ts-interface-checker cache-miss
253 http fetch GET 200 https://registry.npmmirror.com/commander 34ms (cache revalidated)
254 silly packumentCache full:https://registry.npmmirror.com/commander set size:288214 disposed:false
255 http fetch GET 200 https://registry.npmmirror.com/lines-and-columns 36ms (cache revalidated)
256 silly packumentCache full:https://registry.npmmirror.com/lines-and-columns set size:70564 disposed:false
257 http fetch GET 200 https://registry.npmmirror.com/ts-interface-checker 21ms (cache revalidated)
258 silly packumentCache full:https://registry.npmmirror.com/ts-interface-checker set size:46076 disposed:false
259 http fetch GET 200 https://registry.npmmirror.com/mz 27ms (cache revalidated)
260 silly packumentCache full:https://registry.npmmirror.com/mz set size:40893 disposed:false
261 http fetch GET 200 https://registry.npmmirror.com/pirates 32ms (cache revalidated)
262 silly packumentCache full:https://registry.npmmirror.com/pirates set size:50016 disposed:false
263 http fetch GET 200 https://registry.npmmirror.com/is-core-module 69ms (cache revalidated)
264 silly packumentCache full:https://registry.npmmirror.com/is-core-module set size:66005 disposed:false
265 http fetch GET 200 https://registry.npmmirror.com/path-parse 80ms (cache revalidated)
266 silly packumentCache full:https://registry.npmmirror.com/path-parse set size:12468 disposed:false
267 http fetch GET 200 https://registry.npmmirror.com/cssesc 89ms (cache revalidated)
268 silly packumentCache full:https://registry.npmmirror.com/cssesc set size:16783 disposed:false
269 http fetch GET 200 https://registry.npmmirror.com/supports-preserve-symlinks-flag 206ms (cache revalidated)
270 silly packumentCache full:https://registry.npmmirror.com/supports-preserve-symlinks-flag set size:6704 disposed:false
271 silly placeDep ROOT anymatch@3.1.3 OK for: chokidar@3.6.0 want: ~3.1.2
272 silly placeDep ROOT braces@3.0.3 OK for: chokidar@3.6.0 want: ~3.0.2
273 silly placeDep node_modules/chokidar glob-parent@5.1.2 OK for: chokidar@3.6.0 want: ~5.1.2
274 silly placeDep ROOT is-binary-path@2.1.0 OK for: chokidar@3.6.0 want: ~2.1.0
275 silly placeDep ROOT readdirp@3.6.0 OK for: chokidar@3.6.0 want: ~3.6.0
276 silly fetch manifest picomatch@^2.0.4
277 silly packumentCache full:https://registry.npmmirror.com/picomatch cache-hit
278 silly fetch manifest fill-range@^7.1.1
279 silly packumentCache full:https://registry.npmmirror.com/fill-range cache-miss
280 silly fetch manifest binary-extensions@^2.0.0
281 silly packumentCache full:https://registry.npmmirror.com/binary-extensions cache-miss
282 silly fetch manifest picomatch@^2.2.1
283 silly packumentCache full:https://registry.npmmirror.com/picomatch cache-hit
284 http fetch GET 200 https://registry.npmmirror.com/fill-range 30ms (cache revalidated)
285 silly packumentCache full:https://registry.npmmirror.com/fill-range set size:79685 disposed:false
286 http fetch GET 200 https://registry.npmmirror.com/binary-extensions 33ms (cache revalidated)
287 silly packumentCache full:https://registry.npmmirror.com/binary-extensions set size:43165 disposed:false
288 silly placeDep ROOT picomatch@2.3.1 OK for: anymatch@3.1.3 want: ^2.0.4
289 silly placeDep ROOT fill-range@7.1.1 OK for: braces@3.0.3 want: ^7.1.1
290 silly fetch manifest to-regex-range@^5.0.1
291 silly packumentCache full:https://registry.npmmirror.com/to-regex-range cache-miss
292 http fetch GET 200 https://registry.npmmirror.com/to-regex-range 21ms (cache revalidated)
293 silly packumentCache full:https://registry.npmmirror.com/to-regex-range set size:55700 disposed:false
294 silly placeDep ROOT @nodelib/fs.stat@2.0.5 OK for: fast-glob@3.3.3 want: ^2.0.2
295 silly placeDep ROOT @nodelib/fs.walk@1.2.8 OK for: fast-glob@3.3.3 want: ^1.2.3
296 silly placeDep node_modules/fast-glob glob-parent@5.1.2 OK for: fast-glob@3.3.3 want: ^5.1.2
297 silly placeDep ROOT merge2@1.4.1 OK for: fast-glob@3.3.3 want: ^1.3.0
298 silly fetch manifest @nodelib/fs.scandir@2.1.5
299 silly packumentCache full:https://registry.npmmirror.com/@nodelib%2ffs.scandir cache-miss
300 silly fetch manifest fastq@^1.6.0
301 silly packumentCache full:https://registry.npmmirror.com/fastq cache-miss
302 http fetch GET 200 https://registry.npmmirror.com/@nodelib%2ffs.scandir 26ms (cache revalidated)
303 silly packumentCache full:https://registry.npmmirror.com/@nodelib%2ffs.scandir set size:38674 disposed:false
304 http fetch GET 200 https://registry.npmmirror.com/fastq 27ms (cache revalidated)
305 silly packumentCache full:https://registry.npmmirror.com/fastq set size:68593 disposed:false
306 silly placeDep ROOT @nodelib/fs.scandir@2.1.5 OK for: @nodelib/fs.walk@1.2.8 want: 2.1.5
307 silly placeDep ROOT fastq@1.20.1 OK for: @nodelib/fs.walk@1.2.8 want: ^1.6.0
308 silly fetch manifest run-parallel@^1.1.9
309 silly packumentCache full:https://registry.npmmirror.com/run-parallel cache-miss
310 silly fetch manifest reusify@^1.0.4
311 silly packumentCache full:https://registry.npmmirror.com/reusify cache-miss
312 http fetch GET 200 https://registry.npmmirror.com/reusify 27ms (cache revalidated)
313 silly packumentCache full:https://registry.npmmirror.com/reusify set size:14270 disposed:false
314 http fetch GET 200 https://registry.npmmirror.com/run-parallel 28ms (cache revalidated)
315 silly packumentCache full:https://registry.npmmirror.com/run-parallel set size:31746 disposed:false
316 silly placeDep ROOT run-parallel@1.2.0 OK for: @nodelib/fs.scandir@2.1.5 want: ^1.1.9
317 silly fetch manifest queue-microtask@^1.2.2
318 silly packumentCache full:https://registry.npmmirror.com/queue-microtask cache-miss
319 http fetch GET 200 https://registry.npmmirror.com/queue-microtask 64ms (cache revalidated)
320 silly packumentCache full:https://registry.npmmirror.com/queue-microtask set size:25336 disposed:false
321 silly placeDep ROOT reusify@1.1.0 OK for: fastq@1.20.1 want: ^1.0.4
322 silly placeDep ROOT to-regex-range@5.0.1 OK for: fill-range@7.1.1 want: ^5.0.1
323 silly fetch manifest is-number@^7.0.0
324 silly packumentCache full:https://registry.npmmirror.com/is-number cache-miss
325 http fetch GET 200 https://registry.npmmirror.com/is-number 30ms (cache revalidated)
326 silly packumentCache full:https://registry.npmmirror.com/is-number set size:35937 disposed:false
327 silly placeDep ROOT binary-extensions@2.3.0 OK for: is-binary-path@2.1.0 want: ^2.0.0
328 silly placeDep ROOT is-extglob@2.1.1 OK for: is-glob@4.0.3 want: ^2.1.1
329 silly placeDep ROOT read-cache@1.0.0 OK for: postcss-import@15.1.0 want: ^1.0.0
330 silly fetch manifest pify@^2.3.0
331 silly packumentCache full:https://registry.npmmirror.com/pify cache-miss
332 http fetch GET 200 https://registry.npmmirror.com/pify 31ms (cache revalidated)
333 silly packumentCache full:https://registry.npmmirror.com/pify set size:29706 disposed:false
334 silly placeDep ROOT camelcase-css@2.0.1 OK for: postcss-js@4.1.0 want: ^2.0.1
335 silly placeDep ROOT cssesc@3.0.0 OK for: postcss-selector-parser@6.1.2 want: ^3.0.0
336 silly placeDep ROOT util-deprecate@1.0.2 OK for: postcss-selector-parser@6.1.2 want: ^1.0.2
337 silly placeDep ROOT pify@2.3.0 OK for: read-cache@1.0.0 want: ^2.3.0
338 silly placeDep ROOT is-core-module@2.16.1 OK for: resolve@1.22.11 want: ^2.16.1
339 silly placeDep ROOT path-parse@1.0.7 OK for: resolve@1.22.11 want: ^1.0.7
340 silly placeDep ROOT supports-preserve-symlinks-flag@1.0.0 OK for: resolve@1.22.11 want: ^1.0.0
341 silly fetch manifest hasown@^2.0.2
342 silly packumentCache full:https://registry.npmmirror.com/hasown cache-miss
343 http fetch GET 200 https://registry.npmmirror.com/hasown 25ms (cache revalidated)
344 silly packumentCache full:https://registry.npmmirror.com/hasown set size:12847 disposed:false
345 silly placeDep ROOT hasown@2.0.2 OK for: is-core-module@2.16.1 want: ^2.0.2
346 silly fetch manifest function-bind@^1.1.2
347 silly packumentCache full:https://registry.npmmirror.com/function-bind cache-miss
348 http fetch GET 200 https://registry.npmmirror.com/function-bind 17ms (cache revalidated)
349 silly packumentCache full:https://registry.npmmirror.com/function-bind set size:15630 disposed:false
350 silly placeDep ROOT function-bind@1.1.2 OK for: hasown@2.0.2 want: ^1.1.2
351 silly placeDep ROOT queue-microtask@1.2.3 OK for: run-parallel@1.2.0 want: ^1.2.2
352 silly placeDep ROOT commander@4.1.1 OK for: sucrase@3.35.1 want: ^4.0.0
353 silly placeDep ROOT lines-and-columns@1.2.4 OK for: sucrase@3.35.1 want: ^1.1.6
354 silly placeDep ROOT mz@2.7.0 OK for: sucrase@3.35.1 want: ^2.7.0
355 silly placeDep ROOT pirates@4.0.7 OK for: sucrase@3.35.1 want: ^4.0.1
356 silly placeDep ROOT ts-interface-checker@0.1.13 OK for: sucrase@3.35.1 want: ^0.1.9
357 silly fetch manifest any-promise@^1.0.0
358 silly packumentCache full:https://registry.npmmirror.com/any-promise cache-miss
359 silly fetch manifest object-assign@^4.0.1
360 silly packumentCache full:https://registry.npmmirror.com/object-assign cache-miss
361 silly fetch manifest thenify-all@^1.0.0
362 silly packumentCache full:https://registry.npmmirror.com/thenify-all cache-miss
363 http fetch GET 200 https://registry.npmmirror.com/object-assign 25ms (cache revalidated)
364 silly packumentCache full:https://registry.npmmirror.com/object-assign set size:27397 disposed:false
365 http fetch GET 200 https://registry.npmmirror.com/thenify-all 30ms (cache revalidated)
366 silly packumentCache full:https://registry.npmmirror.com/thenify-all set size:18394 disposed:false
367 http fetch GET 200 https://registry.npmmirror.com/any-promise 30ms (cache revalidated)
368 silly packumentCache full:https://registry.npmmirror.com/any-promise set size:20149 disposed:false
369 silly placeDep ROOT any-promise@1.3.0 OK for: mz@2.7.0 want: ^1.0.0
370 silly placeDep ROOT object-assign@4.1.1 OK for: mz@2.7.0 want: ^4.0.1
371 silly placeDep ROOT thenify-all@1.6.0 OK for: mz@2.7.0 want: ^1.0.0
372 silly fetch manifest thenify@>= 3.1.0 < 4
373 silly packumentCache full:https://registry.npmmirror.com/thenify cache-miss
374 http fetch GET 200 https://registry.npmmirror.com/thenify 30ms (cache revalidated)
375 silly packumentCache full:https://registry.npmmirror.com/thenify set size:20162 disposed:false
376 silly placeDep ROOT thenify@3.3.1 OK for: thenify-all@1.6.0 want: >= 3.1.0 < 4
377 silly placeDep ROOT is-number@7.0.0 OK for: to-regex-range@5.0.1 want: ^7.0.0
378 silly reify moves {}
379 silly audit bulk request {
379 silly audit   '@babel/code-frame': [ '7.29.0' ],
379 silly audit   '@babel/compat-data': [ '7.29.0' ],
379 silly audit   '@babel/core': [ '7.29.0' ],
379 silly audit   '@babel/generator': [ '7.29.1' ],
379 silly audit   '@babel/helper-compilation-targets': [ '7.28.6' ],
379 silly audit   '@babel/helper-globals': [ '7.28.0' ],
379 silly audit   '@babel/helper-module-imports': [ '7.28.6' ],
379 silly audit   '@babel/helper-module-transforms': [ '7.28.6' ],
379 silly audit   '@babel/helper-plugin-utils': [ '7.28.6' ],
379 silly audit   '@babel/helper-string-parser': [ '7.27.1' ],
379 silly audit   '@babel/helper-validator-identifier': [ '7.28.5' ],
379 silly audit   '@babel/helper-validator-option': [ '7.27.1' ],
379 silly audit   '@babel/helpers': [ '7.28.6' ],
379 silly audit   '@babel/parser': [ '7.29.0' ],
379 silly audit   '@babel/plugin-transform-react-jsx-self': [ '7.27.1' ],
379 silly audit   '@babel/plugin-transform-react-jsx-source': [ '7.27.1' ],
379 silly audit   '@babel/template': [ '7.28.6' ],
379 silly audit   '@babel/traverse': [ '7.29.0' ],
379 silly audit   '@babel/types': [ '7.29.0' ],
379 silly audit   '@esbuild/aix-ppc64': [ '0.27.3' ],
379 silly audit   '@esbuild/android-arm': [ '0.27.3' ],
379 silly audit   '@esbuild/android-arm64': [ '0.27.3' ],
379 silly audit   '@esbuild/android-x64': [ '0.27.3' ],
379 silly audit   '@esbuild/darwin-arm64': [ '0.27.3' ],
379 silly audit   '@esbuild/darwin-x64': [ '0.27.3' ],
379 silly audit   '@esbuild/freebsd-arm64': [ '0.27.3' ],
379 silly audit   '@esbuild/freebsd-x64': [ '0.27.3' ],
379 silly audit   '@esbuild/linux-arm': [ '0.27.3' ],
379 silly audit   '@esbuild/linux-arm64': [ '0.27.3' ],
379 silly audit   '@esbuild/linux-ia32': [ '0.27.3' ],
379 silly audit   '@esbuild/linux-loong64': [ '0.27.3' ],
379 silly audit   '@esbuild/linux-mips64el': [ '0.27.3' ],
379 silly audit   '@esbuild/linux-ppc64': [ '0.27.3' ],
379 silly audit   '@esbuild/linux-riscv64': [ '0.27.3' ],
379 silly audit   '@esbuild/linux-s390x': [ '0.27.3' ],
379 silly audit   '@esbuild/linux-x64': [ '0.27.3' ],
379 silly audit   '@esbuild/netbsd-arm64': [ '0.27.3' ],
379 silly audit   '@esbuild/netbsd-x64': [ '0.27.3' ],
379 silly audit   '@esbuild/openbsd-arm64': [ '0.27.3' ],
379 silly audit   '@esbuild/openbsd-x64': [ '0.27.3' ],
379 silly audit   '@esbuild/openharmony-arm64': [ '0.27.3' ],
379 silly audit   '@esbuild/sunos-x64': [ '0.27.3' ],
379 silly audit   '@esbuild/win32-arm64': [ '0.27.3' ],
379 silly audit   '@esbuild/win32-ia32': [ '0.27.3' ],
379 silly audit   '@esbuild/win32-x64': [ '0.27.3' ],
379 silly audit   '@jridgewell/gen-mapping': [ '0.3.13' ],
379 silly audit   '@jridgewell/remapping': [ '2.3.5' ],
379 silly audit   '@jridgewell/resolve-uri': [ '3.1.2' ],
379 silly audit   '@jridgewell/sourcemap-codec': [ '1.5.5' ],
379 silly audit   '@jridgewell/trace-mapping': [ '0.3.31' ],
379 silly audit   '@rolldown/pluginutils': [ '1.0.0-rc.3' ],
379 silly audit   '@rollup/rollup-android-arm-eabi': [ '4.57.1' ],
379 silly audit   '@rollup/rollup-android-arm64': [ '4.57.1' ],
379 silly audit   '@rollup/rollup-darwin-arm64': [ '4.57.1' ],
379 silly audit   '@rollup/rollup-darwin-x64': [ '4.57.1' ],
379 silly audit   '@rollup/rollup-freebsd-arm64': [ '4.57.1' ],
379 silly audit   '@rollup/rollup-freebsd-x64': [ '4.57.1' ],
379 silly audit   '@rollup/rollup-linux-arm-gnueabihf': [ '4.57.1' ],
379 silly audit   '@rollup/rollup-linux-arm-musleabihf': [ '4.57.1' ],
379 silly audit   '@rollup/rollup-linux-arm64-gnu': [ '4.57.1' ],
379 silly audit   '@rollup/rollup-linux-arm64-musl': [ '4.57.1' ],
379 silly audit   '@rollup/rollup-linux-loong64-gnu': [ '4.57.1' ],
379 silly audit   '@rollup/rollup-linux-loong64-musl': [ '4.57.1' ],
379 silly audit   '@rollup/rollup-linux-ppc64-gnu': [ '4.57.1' ],
379 silly audit   '@rollup/rollup-linux-ppc64-musl': [ '4.57.1' ],
379 silly audit   '@rollup/rollup-linux-riscv64-gnu': [ '4.57.1' ],
379 silly audit   '@rollup/rollup-linux-riscv64-musl': [ '4.57.1' ],
379 silly audit   '@rollup/rollup-linux-s390x-gnu': [ '4.57.1' ],
379 silly audit   '@rollup/rollup-linux-x64-gnu': [ '4.57.1' ],
379 silly audit   '@rollup/rollup-linux-x64-musl': [ '4.57.1' ],
379 silly audit   '@rollup/rollup-openbsd-x64': [ '4.57.1' ],
379 silly audit   '@rollup/rollup-openharmony-arm64': [ '4.57.1' ],
379 silly audit   '@rollup/rollup-win32-arm64-msvc': [ '4.57.1' ],
379 silly audit   '@rollup/rollup-win32-ia32-msvc': [ '4.57.1' ],
379 silly audit   '@rollup/rollup-win32-x64-gnu': [ '4.57.1' ],
379 silly audit   '@rollup/rollup-win32-x64-msvc': [ '4.57.1' ],
379 silly audit   '@tauri-apps/api': [ '2.10.1' ],
379 silly audit   '@tauri-apps/cli': [ '2.10.0' ],
379 silly audit   '@tauri-apps/cli-darwin-arm64': [ '2.10.0' ],
379 silly audit   '@tauri-apps/cli-darwin-x64': [ '2.10.0' ],
379 silly audit   '@tauri-apps/cli-linux-arm-gnueabihf': [ '2.10.0' ],
379 silly audit   '@tauri-apps/cli-linux-arm64-gnu': [ '2.10.0' ],
379 silly audit   '@tauri-apps/cli-linux-arm64-musl': [ '2.10.0' ],
379 silly audit   '@tauri-apps/cli-linux-riscv64-gnu': [ '2.10.0' ],
379 silly audit   '@tauri-apps/cli-linux-x64-gnu': [ '2.10.0' ],
379 silly audit   '@tauri-apps/cli-linux-x64-musl': [ '2.10.0' ],
379 silly audit   '@tauri-apps/cli-win32-arm64-msvc': [ '2.10.0' ],
379 silly audit   '@tauri-apps/cli-win32-ia32-msvc': [ '2.10.0' ],
379 silly audit   '@tauri-apps/cli-win32-x64-msvc': [ '2.10.0' ],
379 silly audit   '@types/babel__core': [ '7.20.5' ],
379 silly audit   '@types/babel__generator': [ '7.27.0' ],
379 silly audit   '@types/babel__template': [ '7.4.4' ],
379 silly audit   '@types/babel__traverse': [ '7.28.0' ],
379 silly audit   '@types/estree': [ '1.0.8' ],
379 silly audit   '@types/react': [ '19.2.14' ],
379 silly audit   '@types/react-dom': [ '19.2.3' ],
379 silly audit   '@vitejs/plugin-react': [ '5.1.4' ],
379 silly audit   'baseline-browser-mapping': [ '2.9.19' ],
379 silly audit   browserslist: [ '4.28.1' ],
379 silly audit   'caniuse-lite': [ '1.0.30001769' ],
379 silly audit   'convert-source-map': [ '2.0.0' ],
379 silly audit   csstype: [ '3.2.3' ],
379 silly audit   debug: [ '4.4.3' ],
379 silly audit   'electron-to-chromium': [ '1.5.286' ],
379 silly audit   esbuild: [ '0.27.3' ],
379 silly audit   escalade: [ '3.2.0' ],
379 silly audit   fsevents: [ '2.3.3' ],
379 silly audit   gensync: [ '1.0.0-beta.2' ],
379 silly audit   'js-tokens': [ '4.0.0' ],
379 silly audit   jsesc: [ '3.1.0' ],
379 silly audit   json5: [ '2.2.3' ],
379 silly audit   'lru-cache': [ '5.1.1' ],
379 silly audit   ms: [ '2.1.3' ],
379 silly audit   nanoid: [ '3.3.11' ],
379 silly audit   'node-releases': [ '2.0.27' ],
379 silly audit   picocolors: [ '1.1.1' ],
379 silly audit   postcss: [ '8.5.6' ],
379 silly audit   react: [ '19.2.4' ],
379 silly audit   'react-dom': [ '19.2.4' ],
379 silly audit   'react-refresh': [ '0.18.0' ],
379 silly audit   rollup: [ '4.57.1' ],
379 silly audit   scheduler: [ '0.27.0' ],
379 silly audit   semver: [ '6.3.1' ],
379 silly audit   'source-map-js': [ '1.2.1' ],
379 silly audit   tinyglobby: [ '0.2.15' ],
379 silly audit   fdir: [ '6.5.0' ],
379 silly audit   picomatch: [ '4.0.3', '2.3.1' ],
379 silly audit   typescript: [ '5.9.3' ],
379 silly audit   'update-browserslist-db': [ '1.2.3' ],
379 silly audit   vite: [ '7.3.1' ],
379 silly audit   yallist: [ '3.1.1' ],
379 silly audit   autoprefixer: [ '10.4.24' ],
379 silly audit   clsx: [ '2.1.1' ],
379 silly audit   'framer-motion': [ '10.18.0' ],
379 silly audit   'lucide-react': [ '0.292.0' ],
379 silly audit   'tailwind-merge': [ '2.6.1' ],
379 silly audit   tailwindcss: [ '3.4.19' ],
379 silly audit   'fraction.js': [ '5.3.4' ],
379 silly audit   'postcss-value-parser': [ '4.2.0' ],
379 silly audit   '@emotion/is-prop-valid': [ '0.8.8' ],
379 silly audit   tslib: [ '2.8.1' ],
379 silly audit   '@emotion/memoize': [ '0.7.4' ],
379 silly audit   '@alloc/quick-lru': [ '5.2.0' ],
379 silly audit   arg: [ '5.0.2' ],
379 silly audit   chokidar: [ '3.6.0' ],
379 silly audit   didyoumean: [ '1.2.2' ],
379 silly audit   dlv: [ '1.1.3' ],
379 silly audit   'fast-glob': [ '3.3.3' ],
379 silly audit   'glob-parent': [ '6.0.2', '5.1.2' ],
379 silly audit   'is-glob': [ '4.0.3' ],
379 silly audit   jiti: [ '1.21.7' ],
379 silly audit   lilconfig: [ '3.1.3' ],
379 silly audit   micromatch: [ '4.0.8' ],
379 silly audit   'normalize-path': [ '3.0.0' ],
379 silly audit   'object-hash': [ '3.0.0' ],
379 silly audit   'postcss-import': [ '15.1.0' ],
379 silly audit   'postcss-js': [ '4.1.0' ],
379 silly audit   'postcss-load-config': [ '6.0.1' ],
379 silly audit   'postcss-nested': [ '6.2.0' ],
379 silly audit   'postcss-selector-parser': [ '6.1.2' ],
379 silly audit   resolve: [ '1.22.11' ],
379 silly audit   sucrase: [ '3.35.1' ],
379 silly audit   anymatch: [ '3.1.3' ],
379 silly audit   braces: [ '3.0.3' ],
379 silly audit   'is-binary-path': [ '2.1.0' ],
379 silly audit   readdirp: [ '3.6.0' ],
379 silly audit   'fill-range': [ '7.1.1' ],
379 silly audit   '@nodelib/fs.stat': [ '2.0.5' ],
379 silly audit   '@nodelib/fs.walk': [ '1.2.8' ],
379 silly audit   merge2: [ '1.4.1' ],
379 silly audit   '@nodelib/fs.scandir': [ '2.1.5' ],
379 silly audit   fastq: [ '1.20.1' ],
379 silly audit   'run-parallel': [ '1.2.0' ],
379 silly audit   reusify: [ '1.1.0' ],
379 silly audit   'to-regex-range': [ '5.0.1' ],
379 silly audit   'binary-extensions': [ '2.3.0' ],
379 silly audit   'is-extglob': [ '2.1.1' ],
379 silly audit   'read-cache': [ '1.0.0' ],
379 silly audit   'camelcase-css': [ '2.0.1' ],
379 silly audit   cssesc: [ '3.0.0' ],
379 silly audit   'util-deprecate': [ '1.0.2' ],
379 silly audit   pify: [ '2.3.0' ],
379 silly audit   'is-core-module': [ '2.16.1' ],
379 silly audit   'path-parse': [ '1.0.7' ],
379 silly audit   'supports-preserve-symlinks-flag': [ '1.0.0' ],
379 silly audit   hasown: [ '2.0.2' ],
379 silly audit   'function-bind': [ '1.1.2' ],
379 silly audit   'queue-microtask': [ '1.2.3' ],
379 silly audit   commander: [ '4.1.1' ],
379 silly audit   'lines-and-columns': [ '1.2.4' ],
379 silly audit   mz: [ '2.7.0' ],
379 silly audit   pirates: [ '4.0.7' ],
379 silly audit   'ts-interface-checker': [ '0.1.13' ],
379 silly audit   'any-promise': [ '1.3.0' ],
379 silly audit   'object-assign': [ '4.1.1' ],
379 silly audit   'thenify-all': [ '1.6.0' ],
379 silly audit   thenify: [ '3.3.1' ],
379 silly audit   'is-number': [ '7.0.0' ]
379 silly audit }
380 http cache any-promise@https://registry.npmmirror.com/any-promise/-/any-promise-1.3.0.tgz 0ms (cache hit)
381 http cache thenify@https://registry.npmmirror.com/thenify/-/thenify-3.3.1.tgz 0ms (cache hit)
382 http cache is-number@https://registry.npmmirror.com/is-number/-/is-number-7.0.0.tgz 0ms (cache hit)
383 http cache thenify-all@https://registry.npmmirror.com/thenify-all/-/thenify-all-1.6.0.tgz 0ms (cache hit)
384 http cache ts-interface-checker@https://registry.npmmirror.com/ts-interface-checker/-/ts-interface-checker-0.1.13.tgz 0ms (cache hit)
385 http cache mz@https://registry.npmmirror.com/mz/-/mz-2.7.0.tgz 0ms (cache hit)
386 http cache lines-and-columns@https://registry.npmmirror.com/lines-and-columns/-/lines-and-columns-1.2.4.tgz 0ms (cache hit)
387 http cache object-assign@https://registry.npmmirror.com/object-assign/-/object-assign-4.1.1.tgz 0ms (cache hit)
388 http cache pirates@https://registry.npmmirror.com/pirates/-/pirates-4.0.7.tgz 0ms (cache hit)
389 http cache commander@https://registry.npmmirror.com/commander/-/commander-4.1.1.tgz 0ms (cache hit)
390 http cache hasown@https://registry.npmmirror.com/hasown/-/hasown-2.0.2.tgz 0ms (cache hit)
391 http cache queue-microtask@https://registry.npmmirror.com/queue-microtask/-/queue-microtask-1.2.3.tgz 0ms (cache hit)
392 http cache is-core-module@https://registry.npmmirror.com/is-core-module/-/is-core-module-2.16.1.tgz 0ms (cache hit)
393 http cache util-deprecate@https://registry.npmmirror.com/util-deprecate/-/util-deprecate-1.0.2.tgz 0ms (cache hit)
394 http cache function-bind@https://registry.npmmirror.com/function-bind/-/function-bind-1.1.2.tgz 0ms (cache hit)
395 http cache path-parse@https://registry.npmmirror.com/path-parse/-/path-parse-1.0.7.tgz 0ms (cache hit)
396 http cache pify@https://registry.npmmirror.com/pify/-/pify-2.3.0.tgz 0ms (cache hit)
397 http cache cssesc@https://registry.npmmirror.com/cssesc/-/cssesc-3.0.0.tgz 0ms (cache hit)
398 http cache camelcase-css@https://registry.npmmirror.com/camelcase-css/-/camelcase-css-2.0.1.tgz 0ms (cache hit)
399 http cache read-cache@https://registry.npmmirror.com/read-cache/-/read-cache-1.0.0.tgz 0ms (cache hit)
400 http cache is-extglob@https://registry.npmmirror.com/is-extglob/-/is-extglob-2.1.1.tgz 0ms (cache hit)
401 http cache supports-preserve-symlinks-flag@https://registry.npmmirror.com/supports-preserve-symlinks-flag/-/supports-preserve-symlinks-flag-1.0.0.tgz 0ms (cache hit)
402 http cache to-regex-range@https://registry.npmmirror.com/to-regex-range/-/to-regex-range-5.0.1.tgz 0ms (cache hit)
403 http cache reusify@https://registry.npmmirror.com/reusify/-/reusify-1.1.0.tgz 0ms (cache hit)
404 http cache binary-extensions@https://registry.npmmirror.com/binary-extensions/-/binary-extensions-2.3.0.tgz 0ms (cache hit)
405 http cache fastq@https://registry.npmmirror.com/fastq/-/fastq-1.20.1.tgz 0ms (cache hit)
406 http cache @nodelib/fs.walk@https://registry.npmmirror.com/@nodelib/fs.walk/-/fs.walk-1.2.8.tgz 0ms (cache hit)
407 http cache run-parallel@https://registry.npmmirror.com/run-parallel/-/run-parallel-1.2.0.tgz 0ms (cache hit)
408 http cache @nodelib/fs.scandir@https://registry.npmmirror.com/@nodelib/fs.scandir/-/fs.scandir-2.1.5.tgz 0ms (cache hit)
409 http cache merge2@https://registry.npmmirror.com/merge2/-/merge2-1.4.1.tgz 0ms (cache hit)
410 http cache fill-range@https://registry.npmmirror.com/fill-range/-/fill-range-7.1.1.tgz 0ms (cache hit)
411 http cache @nodelib/fs.stat@https://registry.npmmirror.com/@nodelib/fs.stat/-/fs.stat-2.0.5.tgz 0ms (cache hit)
412 http cache is-binary-path@https://registry.npmmirror.com/is-binary-path/-/is-binary-path-2.1.0.tgz 0ms (cache hit)
413 http cache braces@https://registry.npmmirror.com/braces/-/braces-3.0.3.tgz 0ms (cache hit)
414 http cache readdirp@https://registry.npmmirror.com/readdirp/-/readdirp-3.6.0.tgz 0ms (cache hit)
415 http cache picomatch@https://registry.npmmirror.com/picomatch/-/picomatch-2.3.1.tgz 0ms (cache hit)
416 http cache anymatch@https://registry.npmmirror.com/anymatch/-/anymatch-3.1.3.tgz 0ms (cache hit)
417 http cache postcss-selector-parser@https://registry.npmmirror.com/postcss-selector-parser/-/postcss-selector-parser-6.1.2.tgz 0ms (cache hit)
418 http cache postcss-nested@https://registry.npmmirror.com/postcss-nested/-/postcss-nested-6.2.0.tgz 0ms (cache hit)
419 http cache postcss-load-config@https://registry.npmmirror.com/postcss-load-config/-/postcss-load-config-6.0.1.tgz 0ms (cache hit)
420 http cache sucrase@https://registry.npmmirror.com/sucrase/-/sucrase-3.35.1.tgz 0ms (cache hit)
421 http cache postcss-js@https://registry.npmmirror.com/postcss-js/-/postcss-js-4.1.0.tgz 0ms (cache hit)
422 http cache normalize-path@https://registry.npmmirror.com/normalize-path/-/normalize-path-3.0.0.tgz 0ms (cache hit)
423 http cache resolve@https://registry.npmmirror.com/resolve/-/resolve-1.22.11.tgz 0ms (cache hit)
424 http cache lilconfig@https://registry.npmmirror.com/lilconfig/-/lilconfig-3.1.3.tgz 0ms (cache hit)
425 http cache jiti@https://registry.npmmirror.com/jiti/-/jiti-1.21.7.tgz 0ms (cache hit)
426 http cache object-hash@https://registry.npmmirror.com/object-hash/-/object-hash-3.0.0.tgz 0ms (cache hit)
427 http cache postcss-import@https://registry.npmmirror.com/postcss-import/-/postcss-import-15.1.0.tgz 0ms (cache hit)
428 http cache is-glob@https://registry.npmmirror.com/is-glob/-/is-glob-4.0.3.tgz 0ms (cache hit)
429 http cache glob-parent@https://registry.npmmirror.com/glob-parent/-/glob-parent-6.0.2.tgz 0ms (cache hit)
430 http cache dlv@https://registry.npmmirror.com/dlv/-/dlv-1.1.3.tgz 0ms (cache hit)
431 http cache fast-glob@https://registry.npmmirror.com/fast-glob/-/fast-glob-3.3.3.tgz 0ms (cache hit)
432 http cache arg@https://registry.npmmirror.com/arg/-/arg-5.0.2.tgz 0ms (cache hit)
433 http cache didyoumean@https://registry.npmmirror.com/didyoumean/-/didyoumean-1.2.2.tgz 0ms (cache hit)
434 http cache micromatch@https://registry.npmmirror.com/micromatch/-/micromatch-4.0.8.tgz 0ms (cache hit)
435 http cache @alloc/quick-lru@https://registry.npmmirror.com/@alloc/quick-lru/-/quick-lru-5.2.0.tgz 0ms (cache hit)
436 http cache chokidar@https://registry.npmmirror.com/chokidar/-/chokidar-3.6.0.tgz 0ms (cache hit)
437 http cache postcss-value-parser@https://registry.npmmirror.com/postcss-value-parser/-/postcss-value-parser-4.2.0.tgz 0ms (cache hit)
438 http cache tslib@https://registry.npmmirror.com/tslib/-/tslib-2.8.1.tgz 0ms (cache hit)
439 http cache @emotion/memoize@https://registry.npmmirror.com/@emotion/memoize/-/memoize-0.7.4.tgz 0ms (cache hit)
440 http cache @emotion/is-prop-valid@https://registry.npmmirror.com/@emotion/is-prop-valid/-/is-prop-valid-0.8.8.tgz 0ms (cache hit)
441 http cache tailwind-merge@https://registry.npmmirror.com/tailwind-merge/-/tailwind-merge-2.6.1.tgz 0ms (cache hit)
442 http cache framer-motion@https://registry.npmmirror.com/framer-motion/-/framer-motion-10.18.0.tgz 0ms (cache hit)
443 http cache lucide-react@https://registry.npmmirror.com/lucide-react/-/lucide-react-0.292.0.tgz 0ms (cache hit)
444 http cache fraction.js@https://registry.npmmirror.com/fraction.js/-/fraction.js-5.3.4.tgz 0ms (cache hit)
445 http cache tailwindcss@https://registry.npmmirror.com/tailwindcss/-/tailwindcss-3.4.19.tgz 0ms (cache hit)
446 http cache glob-parent@https://registry.npmmirror.com/glob-parent/-/glob-parent-5.1.2.tgz 0ms (cache hit)
447 http cache glob-parent@https://registry.npmmirror.com/glob-parent/-/glob-parent-5.1.2.tgz 0ms (cache hit)
448 http cache autoprefixer@https://registry.npmmirror.com/autoprefixer/-/autoprefixer-10.4.24.tgz 0ms (cache hit)
449 http cache clsx@https://registry.npmmirror.com/clsx/-/clsx-2.1.1.tgz 0ms (cache hit)
450 http fetch POST 404 https://registry.npmmirror.com/-/npm/v1/security/advisories/bulk 136ms
451 verbose audit error HttpErrorGeneral: 404 Not Found - POST https://registry.npmmirror.com/-/npm/v1/security/advisories/bulk - [NOT_IMPLEMENTED] /-/npm/v1/security/* not implemented yet
451 verbose audit error     at /Users/alex/.npm-global/lib/node_modules/npm/node_modules/npm-registry-fetch/lib/check-response.js:103:15
451 verbose audit error     at process.processTicksAndRejections (node:internal/process/task_queues:105:5)
451 verbose audit error     at async #getReport (/Users/alex/.npm-global/lib/node_modules/npm/node_modules/@npmcli/arborist/lib/audit-report.js:275:19)
451 verbose audit error     at async AuditReport.run (/Users/alex/.npm-global/lib/node_modules/npm/node_modules/@npmcli/arborist/lib/audit-report.js:100:19) {
451 verbose audit error   headers: [Object: null prototype] {
451 verbose audit error     server: [ 'Tengine' ],
451 verbose audit error     date: [ 'Wed, 11 Feb 2026 17:36:48 GMT' ],
451 verbose audit error     'content-type': [ 'application/json' ],
451 verbose audit error     'transfer-encoding': [ 'chunked' ],
451 verbose audit error     connection: [ 'keep-alive' ],
451 verbose audit error     'strict-transport-security': [ 'max-age=5184000' ],
451 verbose audit error     via: [ 'kunlun8.cn9039[,404666]' ],
451 verbose audit error     'timing-allow-origin': [ '*' ],
451 verbose audit error     eagleid: [ '78e9180d17708314084441997e' ],
451 verbose audit error     'x-fetch-attempts': [ '1' ]
451 verbose audit error   },
451 verbose audit error   statusCode: 404,
451 verbose audit error   code: 'E404',
451 verbose audit error   method: 'POST',
451 verbose audit error   uri: 'https://registry.npmmirror.com/-/npm/v1/security/advisories/bulk',
451 verbose audit error   body: {
451 verbose audit error     error: '[NOT_IMPLEMENTED] /-/npm/v1/security/* not implemented yet'
451 verbose audit error   },
451 verbose audit error   pkgid: undefined
451 verbose audit error }
452 silly audit error [object Object]
453 silly audit report null
454 silly ADD node_modules/is-number
455 silly ADD node_modules/thenify
456 silly ADD node_modules/thenify-all
457 silly ADD node_modules/object-assign
458 silly ADD node_modules/any-promise
459 silly ADD node_modules/ts-interface-checker
460 silly ADD node_modules/pirates
461 silly ADD node_modules/mz
462 silly ADD node_modules/lines-and-columns
463 silly ADD node_modules/commander
464 silly ADD node_modules/queue-microtask
465 silly ADD node_modules/function-bind
466 silly ADD node_modules/hasown
467 silly ADD node_modules/supports-preserve-symlinks-flag
468 silly ADD node_modules/path-parse
469 silly ADD node_modules/is-core-module
470 silly ADD node_modules/pify
471 silly ADD node_modules/util-deprecate
472 silly ADD node_modules/cssesc
473 silly ADD node_modules/camelcase-css
474 silly ADD node_modules/read-cache
475 silly ADD node_modules/is-extglob
476 silly ADD node_modules/binary-extensions
477 silly ADD node_modules/to-regex-range
478 silly ADD node_modules/reusify
479 silly ADD node_modules/run-parallel
480 silly ADD node_modules/fastq
481 silly ADD node_modules/@nodelib/fs.scandir
482 silly ADD node_modules/merge2
483 silly ADD node_modules/@nodelib/fs.walk
484 silly ADD node_modules/@nodelib/fs.stat
485 silly ADD node_modules/fill-range
486 silly ADD node_modules/picomatch
487 silly ADD node_modules/readdirp
488 silly ADD node_modules/is-binary-path
489 silly ADD node_modules/braces
490 silly ADD node_modules/anymatch
491 silly ADD node_modules/sucrase
492 silly ADD node_modules/resolve
493 silly ADD node_modules/postcss-selector-parser
494 silly ADD node_modules/postcss-nested
495 silly ADD node_modules/postcss-load-config
496 silly ADD node_modules/postcss-js
497 silly ADD node_modules/postcss-import
498 silly ADD node_modules/object-hash
499 silly ADD node_modules/normalize-path
500 silly ADD node_modules/micromatch
501 silly ADD node_modules/lilconfig
502 silly ADD node_modules/jiti
503 silly ADD node_modules/is-glob
504 silly ADD node_modules/glob-parent
505 silly ADD node_modules/fast-glob
506 silly ADD node_modules/fast-glob/node_modules/glob-parent
507 silly ADD node_modules/dlv
508 silly ADD node_modules/didyoumean
509 silly ADD node_modules/chokidar
510 silly ADD node_modules/chokidar/node_modules/glob-parent
511 silly ADD node_modules/arg
512 silly ADD node_modules/@alloc/quick-lru
513 silly ADD node_modules/@emotion/memoize
514 silly ADD node_modules/tslib
515 silly ADD node_modules/@emotion/is-prop-valid
516 silly ADD node_modules/postcss-value-parser
517 silly ADD node_modules/fraction.js
518 silly ADD node_modules/tailwindcss
519 silly ADD node_modules/tailwind-merge
520 silly ADD node_modules/lucide-react
521 silly ADD node_modules/framer-motion
522 silly ADD node_modules/clsx
523 silly ADD node_modules/autoprefixer
524 verbose cwd /Users/alex/Develop/daoime/flash_speech/flash_speech_app
525 verbose os Darwin 25.3.0
526 verbose node v22.17.1
527 verbose npm  v11.5.2
528 verbose exit 0
529 info ok
